// Jest Snapshot v1, https://goo.gl/fbAQLP

exports[`api:vods lastVodByStreamer 1`] = `
[
  {
    "created_at": "2023-06-27T16:39:55Z",
    "duration_seconds": 13337,
    "id": "1857217060",
    "language": "es",
    "published_at": "2023-06-27T16:39:55Z",
    "stream_id": "46980798892",
    "thumbnail_url": "https://vod-secure.twitch.tv/_404/404_processing_%{width}x%{height}.png",
    "title": "Tu maravilloso dia de variedad !eneba",
    "user_id": "152633332",
    "view_count": 514,
  },
]
`;

exports[`api:vods prevVod 1`] = `
[
  {
    "created_at": "2023-06-26T15:07:30Z",
    "duration_seconds": 34740,
    "id": "1856303227",
    "language": "es",
    "published_at": "2023-06-26T15:07:30Z",
    "stream_id": "46977536044",
    "thumbnail_url": "https://static-cdn.jtvnw.net/cf_vods/dgeft87wbj63p/3207b5118aab280a2c7d_knekro_46977536044_1687792045//thumb/thumb0-%{width}x%{height}.jpg",
    "title": "ONLY CUAJADO| Empezamos la semana sin tilteos  | !eneba",
    "user_id": "152633332",
    "view_count": 213601,
  },
]
`;

exports[`api:vods vodById 1`] = `
[
  {
    "created_at": "2023-06-27T16:39:55Z",
    "duration_seconds": 13337,
    "id": "1857217060",
    "language": "es",
    "published_at": "2023-06-27T16:39:55Z",
    "stream_id": "46980798892",
    "thumbnail_url": "https://vod-secure.twitch.tv/_404/404_processing_%{width}x%{height}.png",
    "title": "Tu maravilloso dia de variedad !eneba",
    "user_id": "152633332",
    "view_count": 514,
  },
]
`;
