// Jest Snapshot v1, https://goo.gl/fbAQLP

exports[`api:vods getVods 1`] = `
[
  {
    "created_at": "2023-06-27T16:39:55Z",
    "duration_seconds": 13337,
    "id": "1857217060",
    "language": "es",
    "published_at": "2023-06-27T16:39:55Z",
    "stream_id": "46980798892",
    "thumbnail_url": "https://vod-secure.twitch.tv/_404/404_processing_%{width}x%{height}.png",
    "title": "Tu maravilloso dia de variedad !eneba",
    "user_id": "152633332",
    "view_count": 514,
  },
  {
    "created_at": "2023-06-26T15:07:30Z",
    "duration_seconds": 34740,
    "id": "1856303227",
    "language": "es",
    "published_at": "2023-06-26T15:07:30Z",
    "stream_id": "46977536044",
    "thumbnail_url": "https://static-cdn.jtvnw.net/cf_vods/dgeft87wbj63p/3207b5118aab280a2c7d_knekro_46977536044_1687792045//thumb/thumb0-%{width}x%{height}.jpg",
    "title": "ONLY CUAJADO| Empezamos la semana sin tilteos  | !eneba",
    "user_id": "152633332",
    "view_count": 213601,
  },
  {
    "created_at": "2023-06-25T19:06:43Z",
    "duration_seconds": 16204,
    "id": "1855660030",
    "language": "es",
    "published_at": "2023-06-25T19:06:43Z",
    "stream_id": "46975624444",
    "thumbnail_url": "https://static-cdn.jtvnw.net/cf_vods/dgeft87wbj63p/a62ab40050be44efcaed_knekro_46975624444_1687719997//thumb/thumb0-%{width}x%{height}.jpg",
    "title": "DOMINGUITO PERRON DE VARIEDAD | !eneba",
    "user_id": "152633332",
    "view_count": 106342,
  },
  {
    "created_at": "2023-06-24T18:30:08Z",
    "duration_seconds": 22838,
    "id": "1854762977",
    "language": "es",
    "published_at": "2023-06-24T18:30:08Z",
    "stream_id": "46972379804",
    "thumbnail_url": "https://static-cdn.jtvnw.net/cf_vods/dgeft87wbj63p/4683313680d0286bb0ad_knekro_46972379804_1687631403//thumb/thumb0-%{width}x%{height}.jpg",
    "title": "Sábado de variedad y espectáculo  !eneba",
    "user_id": "152633332",
    "view_count": 152643,
  },
  {
    "created_at": "2023-06-23T16:37:41Z",
    "duration_seconds": 31471,
    "id": "1853788795",
    "language": "es",
    "published_at": "2023-06-23T16:37:41Z",
    "stream_id": "46968878348",
    "thumbnail_url": "https://static-cdn.jtvnw.net/cf_vods/dgeft87wbj63p/ad2208cb25e441c66c16_knekro_46968878348_1687538255//thumb/thumb0-%{width}x%{height}.jpg",
    "title": "CHALLENGE STREAM | RETO EN JUEGOS POR SUBS, SE VIENE !eneba",
    "user_id": "152633332",
    "view_count": 217067,
  },
  {
    "created_at": "2023-06-22T17:09:08Z",
    "duration_seconds": 26260,
    "id": "1852942266",
    "language": "es",
    "published_at": "2023-06-22T17:09:08Z",
    "stream_id": "46965345212",
    "thumbnail_url": "https://static-cdn.jtvnw.net/cf_vods/dgeft87wbj63p/4fa29e27adaf0ea0c0ac_knekro_46965345212_1687453743//thumb/thumb0-%{width}x%{height}.jpg",
    "title": "DIa TOP| Variedad + Radio KOI 21:00 + 7º Aniversario DBD (?) | Dia weon | !eneba",
    "user_id": "152633332",
    "view_count": 112487,
  },
]
`;
